[arvindproteins.com/index.html]
[arvindproteins.com/images/logo.png]
[backblue.gif]
[fade.gif]
[index.html]
[arvindproteins.com/images/logo.png]
[translate.google.com/translate_a/elementa0d8.js]
[arvindproteins.com/products.html]
[arvindproteins.com/product-detail/raw-peanuts.html]
[arvindproteins.com/upload/producttype/bold-1625284919.png]
[arvindproteins.com/product-detail/blanched-peanuts.html]
[arvindproteins.com/upload/producttype/blanched-peanuts-1625284940.png]
[arvindproteins.com/product-detail/groundnut-in-shell.html]
[arvindproteins.com/upload/producttype/groundnut-in-shell-1625284973.png]
[arvindproteins.com/product-detail/coriander.html]
[arvindproteins.com/upload/producttype/coriander.png]
[arvindproteins.com/product-detail/wheat.html]
[arvindproteins.com/upload/producttype/wheat.png]
[arvindproteins.com/product-detail/sesame-seeds.html]
[arvindproteins.com/upload/producttype/white-sesame-1667404943.png]
[arvindproteins.com/infrastructure.html]
[arvindproteins.com/process.html]
[arvindproteins.com/accreditation.html]
[arvindproteins.com/contact-us.html]
[arvindproteins.com/upload/logo-1625293807.png]
[arvindproteins.com/upload/slider/java-peanuts-1625996182.png]
[arvindproteins.com/upload/slider/blanched-peanuts-1625280386.png]
[arvindproteins.com/upload/slider/75-dec-1672841800.jpg]
[arvindproteins.com/upload/slider/38-sep-end-1726480448.jpg]
[arvindproteins.com/upload/aboutus/about-img-2-1626665574.png]
[arvindproteins.com/upload/MinalAgriExport-Profile.pdf]
[arvindproteins.com/upload/aboutus/about-img-2-1625281178.jpg]
[arvindproteins.com/images/experience.png]
[arvindproteins.com/images/production.png]
[arvindproteins.com/images/process.png]
[arvindproteins.com/images/customers.png]
[arvindproteins.com/upload/accreditation/apeda-certificate-1625292744.jpg]
[arvindproteins.com/upload/accreditation/iso-1625292768.jpg]
[arvindproteins.com/upload/accreditation/iso-1625292768.png]
[arvindproteins.com/upload/accreditation/fssai-1625292799.jpg]
[arvindproteins.com/upload/accreditation/fssai-1625292799.png]
[arvindproteins.com/careers.html]
[arvindproteins.com/images/footer-bg.jpg]
[arvindproteins.com/js/jquery-2.2.4.min.js]
[arvindproteins.com/js/popper.min.js]
[arvindproteins.com/js/all.min.js]
[arvindproteins.com/js/bootstrap.min.js]
[arvindproteins.com/js/owl.carousel.min.js]
[arvindproteins.com/js/wow.min.js]
[arvindproteins.com/js/jquery.fancybox.min.js]
[arvindproteins.com/js/custome.js]
[arvindproteins.com/index.html]
[arvindproteins.com/webfonts/fa-brands-400.eot]
[arvindproteins.com/webfonts/fa-brands-400d41d.eot]
[arvindproteins.com/webfonts/fa-brands-400.woff2]
[arvindproteins.com/webfonts/fa-brands-400.woff]
[arvindproteins.com/webfonts/fa-brands-400.ttf]
[arvindproteins.com/webfonts/fa-regular-400.eot]
[arvindproteins.com/webfonts/fa-regular-400d41d.eot]
[arvindproteins.com/webfonts/fa-regular-400.woff2]
[arvindproteins.com/webfonts/fa-regular-400.woff]
[arvindproteins.com/webfonts/fa-regular-400.ttf]
[arvindproteins.com/webfonts/fa-solid-900.eot]
[arvindproteins.com/webfonts/fa-solid-900d41d.eot]
[arvindproteins.com/webfonts/fa-solid-900.woff2]
[arvindproteins.com/webfonts/fa-solid-900.woff]
[arvindproteins.com/webfonts/fa-solid-900.ttf]
[arvindproteins.com/css/all.min.css]
[arvindproteins.com/css/owl.video.play.png]
[arvindproteins.com/css/owl.carousel.min.css]
[arvindproteins.com/css/bootstrap.min.css]
[arvindproteins.com/css/animate.min.css]
[arvindproteins.com/css/jquery.fancybox.min.css]
[arvindproteins.com/images/banner-bg.jpg]
[arvindproteins.com/images/logo.png]
[arvindproteins.com/images/check-icon.svg]
[arvindproteins.com/images/arrow-pointing-to-right-dark.svg]
[arvindproteins.com/images/plus.png]
[arvindproteins.com/images/loupe.png]
[arvindproteins.com/images/setp-arrow.png]
[arvindproteins.com/images/arrow.png]
[arvindproteins.com/css/style.css]
[arvindproteins.com/css/responsive.css]
[arvindproteins.com/images/bg-section-03.jpg]
[arvindproteins.com/products.html]
[arvindproteins.com/product-detail/images/logo.png]
[arvindproteins.com/404-not-found.html]
[arvindproteins.com/upload/producttype/java-1625469917.png]
[arvindproteins.com/product-detail/upload/MinalAgriExport-Profile.pdf]
[arvindproteins.com/product-detail/raw-peanuts.html]
[arvindproteins.com/upload/producttype/spilt-1626750208.png]
[arvindproteins.com/product-detail/blanched-peanuts.html]
[arvindproteins.com/product-detail/groundnut-in-shell.html]
[arvindproteins.com/product-detail/coriander.html]
[arvindproteins.com/product-detail/wheat.html]
[arvindproteins.com/product-detail/sesame-seeds.html]
[arvindproteins.com/upload/infrastructure/1-7-1625336261.jpg]
[arvindproteins.com/upload/infrastructure/1-13-1625336343.jpg]
[arvindproteins.com/upload/infrastructure/1-6-1625336254.jpg]
[arvindproteins.com/upload/infrastructure/1-12-1625336339.jpg]
[arvindproteins.com/upload/infrastructure/1-5-1625336250.jpg]
[arvindproteins.com/upload/infrastructure/1-4-1625336247.jpg]
[arvindproteins.com/upload/infrastructure/1-3-1625336242.jpg]
[arvindproteins.com/upload/infrastructure/1-2-1625336230.jpg]
[arvindproteins.com/upload/infrastructure/1-1-1625336180.jpg]
[arvindproteins.com/upload/infrastructure/1-8-1625336324.jpg]
[arvindproteins.com/upload/infrastructure/1-9-1625336328.jpg]
[arvindproteins.com/upload/infrastructure/1-10-1625336332.jpg]
[arvindproteins.com/upload/infrastructure/1-11-1625336336.jpg]
[arvindproteins.com/upload/infrastructure/1-14-1625336347.jpg]
[arvindproteins.com/upload/infrastructure/1-15-1625336350.jpg]
[arvindproteins.com/js/isotope.pkgd.min.js]
[arvindproteins.com/infrastructure.html]
[arvindproteins.com/upload/process/farm-to-factory-1625970346.png]
[arvindproteins.com/upload/process/quality-inspection-1625970409.png]
[arvindproteins.com/upload/process/pre-cleaning-1625997006.png]
[arvindproteins.com/upload/process/de-stoning-1625970495.png]
[arvindproteins.com/upload/process/decortication-1625997269.png]
[arvindproteins.com/upload/process/storage-silo-1625970574.png]
[arvindproteins.com/upload/process/vibro-screening-1625970611.png]
[arvindproteins.com/upload/process/de-stoning2-1625970678.png]
[arvindproteins.com/upload/process/gravity-separation-1626012538.png]
[arvindproteins.com/upload/process/colour-sorting-1626011832.png]
[arvindproteins.com/upload/process/metal-detection-1626067824.png]
[arvindproteins.com/upload/process/uniform-grading-1625971010.png]
[arvindproteins.com/upload/process/lab-analysis-1625971046.png]
[arvindproteins.com/upload/process/packing-stuffing-1625998172.png]
[arvindproteins.com/js/contact.min.js]
[arvindproteins.com/process.html]
[arvindproteins.com/upload/accreditation/rcmc-1649936618.jpg]
[arvindproteins.com/accreditation.html]
[arvindproteins.com/contact-us.html]
[arvindproteins.com/careers.html]
[arvindproteins.com/webfonts/fa-brands-400.svg]
[arvindproteins.com/images/roundimg.png]
[arvindproteins.com/upload/accreditation/apeda-1625292744.png]
[arvindproteins.com/webfonts/fa-regular-400.svg]
[arvindproteins.com/webfonts/fa-solid-900.svg]
[arvindproteins.com/css/owl.video.play.html]
[arvindproteins.com/images/check-icon.html]
[arvindproteins.com/images/arrow-pointing-to-right-dark.html]
[arvindproteins.com/product-detail/images/logo.html]
[arvindproteins.com/images/404.png]
[arvindproteins.com/404-not-found.html]
[arvindproteins.com/product-detail/upload/MinalAgriExport-Profile.html]
